{
  "native": {
    "work": {
      "resident_clades": 17342928,
      "live_clades_immediate_removal_lower_bound": 17314292,
      "settled_resident_clades": 28636,
      "live_same_theta_remeasurement_clades": 1857617,
      "live_changed_point_clades": 15456675,
      "resident_full_clade_equivalents": 11.630962376768828,
      "immediate_removal_full_clade_equivalents": 11.611757762725505,
      "avoidable_settled_resident_equivalents_lower_bound": 0.01920461404332372,
      "same_theta_remeasurement_equivalents": 1.2458030983837436,
      "changed_point_equivalents": 10.36595466434176,
      "per_pass": [
        {
          "gradient_pass": 1,
          "iteration": 0,
          "resident_families": 200,
          "live_families": 200,
          "resident_clades": 1491100,
          "live_clades": 1491100,
          "settled_resident_clades": 0,
          "settled_resident_fraction": 0.0,
          "model_builds": 1,
          "model_rebuilds": 0
        },
        {
          "gradient_pass": 2,
          "iteration": 1,
          "resident_families": 200,
          "live_families": 200,
          "resident_clades": 1491100,
          "live_clades": 1491100,
          "settled_resident_clades": 0,
          "settled_resident_fraction": 0.0,
          "model_builds": 1,
          "model_rebuilds": 0
        },
        {
          "gradient_pass": 3,
          "iteration": 2,
          "resident_families": 200,
          "live_families": 200,
          "resident_clades": 1491100,
          "live_clades": 1491100,
          "settled_resident_clades": 0,
          "settled_resident_fraction": 0.0,
          "model_builds": 1,
          "model_rebuilds": 0
        },
        {
          "gradient_pass": 4,
          "iteration": 3,
          "resident_families": 200,
          "live_families": 200,
          "resident_clades": 1491100,
          "live_clades": 1491100,
          "settled_resident_clades": 0,
          "settled_resident_fraction": 0.0,
          "model_builds": 1,
          "model_rebuilds": 0
        },
        {
          "gradient_pass": 5,
          "iteration": 4,
          "resident_families": 200,
          "live_families": 200,
          "resident_clades": 1491100,
          "live_clades": 1491100,
          "settled_resident_clades": 0,
          "settled_resident_fraction": 0.0,
          "model_builds": 1,
          "model_rebuilds": 0
        },
        {
          "gradient_pass": 6,
          "iteration": 5,
          "resident_families": 200,
          "live_families": 200,
          "resident_clades": 1491100,
          "live_clades": 1491100,
          "settled_resident_clades": 0,
          "settled_resident_fraction": 0.0,
          "model_builds": 1,
          "model_rebuilds": 0
        },
        {
          "gradient_pass": 7,
          "iteration": 6,
          "resident_families": 200,
          "live_families": 200,
          "resident_clades": 1491100,
          "live_clades": 1491100,
          "settled_resident_clades": 0,
          "settled_resident_fraction": 0.0,
          "model_builds": 1,
          "model_rebuilds": 0
        },
        {
          "gradient_pass": 8,
          "iteration": 7,
          "resident_families": 200,
          "live_families": 200,
          "resident_clades": 1491100,
          "live_clades": 1491100,
          "settled_resident_clades": 0,
          "settled_resident_fraction": 0.0,
          "model_builds": 1,
          "model_rebuilds": 0
        },
        {
          "gradient_pass": 9,
          "iteration": 8,
          "resident_families": 200,
          "live_families": 200,
          "resident_clades": 1491100,
          "live_clades": 1491100,
          "settled_resident_clades": 0,
          "settled_resident_fraction": 0.0,
          "model_builds": 1,
          "model_rebuilds": 0
        },
        {
          "gradient_pass": 10,
          "iteration": 9,
          "resident_families": 115,
          "live_families": 115,
          "resident_clades": 991303,
          "live_clades": 991303,
          "settled_resident_clades": 0,
          "settled_resident_fraction": 0.0,
          "model_builds": 2,
          "model_rebuilds": 1
        },
        {
          "gradient_pass": 11,
          "iteration": 10,
          "resident_families": 115,
          "live_families": 115,
          "resident_clades": 991303,
          "live_clades": 991303,
          "settled_resident_clades": 0,
          "settled_resident_fraction": 0.0,
          "model_builds": 2,
          "model_rebuilds": 1
        },
        {
          "gradient_pass": 12,
          "iteration": 11,
          "resident_families": 69,
          "live_families": 69,
          "resident_clades": 418167,
          "live_clades": 418167,
          "settled_resident_clades": 0,
          "settled_resident_fraction": 0.0,
          "model_builds": 3,
          "model_rebuilds": 2
        },
        {
          "gradient_pass": 13,
          "iteration": 12,
          "resident_families": 69,
          "live_families": 69,
          "resident_clades": 418167,
          "live_clades": 418167,
          "settled_resident_clades": 0,
          "settled_resident_fraction": 0.0,
          "model_builds": 3,
          "model_rebuilds": 2
        },
        {
          "gradient_pass": 14,
          "iteration": 13,
          "resident_families": 47,
          "live_families": 47,
          "resident_clades": 198335,
          "live_clades": 198335,
          "settled_resident_clades": 0,
          "settled_resident_fraction": 0.0,
          "model_builds": 4,
          "model_rebuilds": 3
        },
        {
          "gradient_pass": 15,
          "iteration": 14,
          "resident_families": 47,
          "live_families": 47,
          "resident_clades": 198335,
          "live_clades": 198335,
          "settled_resident_clades": 0,
          "settled_resident_fraction": 0.0,
          "model_builds": 4,
          "model_rebuilds": 3
        },
        {
          "gradient_pass": 16,
          "iteration": 15,
          "resident_families": 34,
          "live_families": 34,
          "resident_clades": 137120,
          "live_clades": 137120,
          "settled_resident_clades": 0,
          "settled_resident_fraction": 0.0,
          "model_builds": 5,
          "model_rebuilds": 4
        },
        {
          "gradient_pass": 17,
          "iteration": 16,
          "resident_families": 34,
          "live_families": 34,
          "resident_clades": 137120,
          "live_clades": 137120,
          "settled_resident_clades": 0,
          "settled_resident_fraction": 0.0,
          "model_builds": 5,
          "model_rebuilds": 4
        },
        {
          "gradient_pass": 18,
          "iteration": 17,
          "resident_families": 21,
          "live_families": 21,
          "resident_clades": 85203,
          "live_clades": 85203,
          "settled_resident_clades": 0,
          "settled_resident_fraction": 0.0,
          "model_builds": 6,
          "model_rebuilds": 5
        },
        {
          "gradient_pass": 19,
          "iteration": 18,
          "resident_families": 21,
          "live_families": 21,
          "resident_clades": 85203,
          "live_clades": 85203,
          "settled_resident_clades": 0,
          "settled_resident_fraction": 0.0,
          "model_builds": 6,
          "model_rebuilds": 5
        },
        {
          "gradient_pass": 20,
          "iteration": 19,
          "resident_families": 21,
          "live_families": 19,
          "resident_clades": 85203,
          "live_clades": 70885,
          "settled_resident_clades": 14318,
          "settled_resident_fraction": 0.16804572608945695,
          "model_builds": 6,
          "model_rebuilds": 5
        },
        {
          "gradient_pass": 21,
          "iteration": 20,
          "resident_families": 21,
          "live_families": 19,
          "resident_clades": 85203,
          "live_clades": 70885,
          "settled_resident_clades": 14318,
          "settled_resident_fraction": 0.16804572608945695,
          "model_builds": 6,
          "model_rebuilds": 5
        },
        {
          "gradient_pass": 22,
          "iteration": 21,
          "resident_families": 12,
          "live_families": 12,
          "resident_clades": 31874,
          "live_clades": 31874,
          "settled_resident_clades": 0,
          "settled_resident_fraction": 0.0,
          "model_builds": 7,
          "model_rebuilds": 6
        },
        {
          "gradient_pass": 23,
          "iteration": 22,
          "resident_families": 12,
          "live_families": 12,
          "resident_clades": 31874,
          "live_clades": 31874,
          "settled_resident_clades": 0,
          "settled_resident_fraction": 0.0,
          "model_builds": 7,
          "model_rebuilds": 6
        },
        {
          "gradient_pass": 24,
          "iteration": 23,
          "resident_families": 3,
          "live_families": 3,
          "resident_clades": 8699,
          "live_clades": 8699,
          "settled_resident_clades": 0,
          "settled_resident_fraction": 0.0,
          "model_builds": 8,
          "model_rebuilds": 7
        },
        {
          "gradient_pass": 25,
          "iteration": 24,
          "resident_families": 3,
          "live_families": 3,
          "resident_clades": 8699,
          "live_clades": 8699,
          "settled_resident_clades": 0,
          "settled_resident_fraction": 0.0,
          "model_builds": 8,
          "model_rebuilds": 7
        },
        {
          "gradient_pass": 26,
          "iteration": 25,
          "resident_families": 2,
          "live_families": 2,
          "resident_clades": 4768,
          "live_clades": 4768,
          "settled_resident_clades": 0,
          "settled_resident_fraction": 0.0,
          "model_builds": 9,
          "model_rebuilds": 8
        },
        {
          "gradient_pass": 27,
          "iteration": 26,
          "resident_families": 2,
          "live_families": 2,
          "resident_clades": 4768,
          "live_clades": 4768,
          "settled_resident_clades": 0,
          "settled_resident_fraction": 0.0,
          "model_builds": 9,
          "model_rebuilds": 8
        },
        {
          "gradient_pass": 28,
          "iteration": 27,
          "resident_families": 1,
          "live_families": 1,
          "resident_clades": 421,
          "live_clades": 421,
          "settled_resident_clades": 0,
          "settled_resident_fraction": 0.0,
          "model_builds": 10,
          "model_rebuilds": 9
        },
        {
          "gradient_pass": 29,
          "iteration": 28,
          "resident_families": 1,
          "live_families": 1,
          "resident_clades": 421,
          "live_clades": 421,
          "settled_resident_clades": 0,
          "settled_resident_fraction": 0.0,
          "model_builds": 10,
          "model_rebuilds": 9
        },
        {
          "gradient_pass": 30,
          "iteration": 29,
          "resident_families": 1,
          "live_families": 1,
          "resident_clades": 421,
          "live_clades": 421,
          "settled_resident_clades": 0,
          "settled_resident_fraction": 0.0,
          "model_builds": 10,
          "model_rebuilds": 9
        },
        {
          "gradient_pass": 31,
          "iteration": 30,
          "resident_families": 1,
          "live_families": 1,
          "resident_clades": 421,
          "live_clades": 421,
          "settled_resident_clades": 0,
          "settled_resident_fraction": 0.0,
          "model_builds": 10,
          "model_rebuilds": 9
        }
      ]
    },
    "bounds": {
      "live_proposal_family_events": 1944,
      "live_proposal_clades": 13947302,
      "authoritative_fixed_coordinate_events": 80,
      "authoritative_fixed_coordinate_clades": 23056,
      "working_set_added_coordinate_events": 0,
      "working_set_added_coordinate_clades": 0,
      "working_set_added_coordinate_equivalents": 0.0,
      "working_set_additions_D_L_T": [
        0,
        0,
        0
      ],
      "working_set_addition_clades_D_L_T": [
        0,
        0,
        0
      ],
      "ray_cut_family_events": 437,
      "ray_cut_clades": 1338483,
      "radius_cut_family_events": 495,
      "radius_cut_clades": 1398443,
      "box_cut_family_events": 28,
      "box_cut_clades": 22886,
      "both_radius_and_box_family_events": 24,
      "both_radius_and_box_clades": 2040,
      "ray_fraction_clade_weighted_median": 1.0,
      "ray_fraction_clade_weighted_p10": 0.9999998807907104,
      "ray_fraction_min": 0.6167458891868591
    },
    "trust": {
      "pending_family_events": 828,
      "pending_clades": 7930120,
      "rejected_family_events": 145,
      "rejected_clades": 1260293,
      "radius_shrink_family_events": 202,
      "radius_shrink_clades": 1596830,
      "radius_grow_family_events": 125,
      "radius_grow_clades": 476005,
      "ratio_clade_weighted_p10": -0.9481196999549866,
      "ratio_clade_weighted_median": 0.6948402523994446,
      "ratio_clade_weighted_p90": 1.2775405645370483
    },
    "convexification": {
      "negative_eigenvalue_events": 7,
      "negative_curvature_family_events": 7,
      "negative_curvature_family_clades": 995,
      "sign_floor_eigenvalue_events": 35,
      "sign_floor_family_events": 35,
      "sign_floor_family_clades": 16849,
      "directional_trust_floor_eigenvalue_events": 605,
      "directional_trust_floor_family_events": 533,
      "directional_trust_floor_family_clades": 1324063,
      "positive_eigen_adjustment_clade_weighted_median": 1.0,
      "positive_eigen_adjustment_clade_weighted_p90": 1.0,
      "trust_limited_positive_adjustment_clade_weighted_median": 1.7280905648666283,
      "trust_limited_positive_adjustment_clade_weighted_p90": 3.5146688329759663
    }
  },
  "hierarchical_native_metric": {
    "work": {
      "resident_clades": 17735824,
      "live_clades_immediate_removal_lower_bound": 17051452,
      "settled_resident_clades": 684372,
      "live_same_theta_remeasurement_clades": 575524,
      "live_changed_point_clades": 16475928,
      "resident_full_clade_equivalents": 11.894456441553215,
      "immediate_removal_full_clade_equivalents": 11.435485212259406,
      "avoidable_settled_resident_equivalents_lower_bound": 0.45897122929380996,
      "same_theta_remeasurement_equivalents": 0.3859727717792234,
      "changed_point_equivalents": 11.049512440480182,
      "per_pass": [
        {
          "gradient_pass": 1,
          "iteration": 0,
          "resident_families": 200,
          "live_families": 200,
          "resident_clades": 1491100,
          "live_clades": 1491100,
          "settled_resident_clades": 0,
          "settled_resident_fraction": 0.0,
          "model_builds": 1,
          "model_rebuilds": 0
        },
        {
          "gradient_pass": 2,
          "iteration": 1,
          "resident_families": 200,
          "live_families": 200,
          "resident_clades": 1491100,
          "live_clades": 1491100,
          "settled_resident_clades": 0,
          "settled_resident_fraction": 0.0,
          "model_builds": 1,
          "model_rebuilds": 0
        },
        {
          "gradient_pass": 3,
          "iteration": 2,
          "resident_families": 200,
          "live_families": 200,
          "resident_clades": 1491100,
          "live_clades": 1491100,
          "settled_resident_clades": 0,
          "settled_resident_fraction": 0.0,
          "model_builds": 1,
          "model_rebuilds": 0
        },
        {
          "gradient_pass": 4,
          "iteration": 3,
          "resident_families": 200,
          "live_families": 200,
          "resident_clades": 1491100,
          "live_clades": 1491100,
          "settled_resident_clades": 0,
          "settled_resident_fraction": 0.0,
          "model_builds": 1,
          "model_rebuilds": 0
        },
        {
          "gradient_pass": 5,
          "iteration": 4,
          "resident_families": 200,
          "live_families": 200,
          "resident_clades": 1491100,
          "live_clades": 1491100,
          "settled_resident_clades": 0,
          "settled_resident_fraction": 0.0,
          "model_builds": 1,
          "model_rebuilds": 0
        },
        {
          "gradient_pass": 6,
          "iteration": 5,
          "resident_families": 200,
          "live_families": 200,
          "resident_clades": 1491100,
          "live_clades": 1491100,
          "settled_resident_clades": 0,
          "settled_resident_fraction": 0.0,
          "model_builds": 1,
          "model_rebuilds": 0
        },
        {
          "gradient_pass": 7,
          "iteration": 6,
          "resident_families": 200,
          "live_families": 200,
          "resident_clades": 1491100,
          "live_clades": 1491100,
          "settled_resident_clades": 0,
          "settled_resident_fraction": 0.0,
          "model_builds": 1,
          "model_rebuilds": 0
        },
        {
          "gradient_pass": 8,
          "iteration": 7,
          "resident_families": 200,
          "live_families": 200,
          "resident_clades": 1491100,
          "live_clades": 1491100,
          "settled_resident_clades": 0,
          "settled_resident_fraction": 0.0,
          "model_builds": 1,
          "model_rebuilds": 0
        },
        {
          "gradient_pass": 9,
          "iteration": 8,
          "resident_families": 200,
          "live_families": 200,
          "resident_clades": 1491100,
          "live_clades": 1491100,
          "settled_resident_clades": 0,
          "settled_resident_fraction": 0.0,
          "model_builds": 1,
          "model_rebuilds": 0
        },
        {
          "gradient_pass": 10,
          "iteration": 9,
          "resident_families": 200,
          "live_families": 146,
          "resident_clades": 1491100,
          "live_clades": 1152426,
          "settled_resident_clades": 338674,
          "settled_resident_fraction": 0.2271303064851452,
          "model_builds": 1,
          "model_rebuilds": 0
        },
        {
          "gradient_pass": 11,
          "iteration": 10,
          "resident_families": 200,
          "live_families": 146,
          "resident_clades": 1491100,
          "live_clades": 1152426,
          "settled_resident_clades": 338674,
          "settled_resident_fraction": 0.2271303064851452,
          "model_builds": 1,
          "model_rebuilds": 0
        },
        {
          "gradient_pass": 12,
          "iteration": 11,
          "resident_families": 84,
          "live_families": 84,
          "resident_clades": 317998,
          "live_clades": 317998,
          "settled_resident_clades": 0,
          "settled_resident_fraction": 0.0,
          "model_builds": 2,
          "model_rebuilds": 1
        },
        {
          "gradient_pass": 13,
          "iteration": 12,
          "resident_families": 84,
          "live_families": 84,
          "resident_clades": 317998,
          "live_clades": 317998,
          "settled_resident_clades": 0,
          "settled_resident_fraction": 0.0,
          "model_builds": 2,
          "model_rebuilds": 1
        },
        {
          "gradient_pass": 14,
          "iteration": 13,
          "resident_families": 68,
          "live_families": 68,
          "resident_clades": 134396,
          "live_clades": 134396,
          "settled_resident_clades": 0,
          "settled_resident_fraction": 0.0,
          "model_builds": 3,
          "model_rebuilds": 2
        },
        {
          "gradient_pass": 15,
          "iteration": 14,
          "resident_families": 68,
          "live_families": 68,
          "resident_clades": 134396,
          "live_clades": 134396,
          "settled_resident_clades": 0,
          "settled_resident_fraction": 0.0,
          "model_builds": 3,
          "model_rebuilds": 2
        },
        {
          "gradient_pass": 16,
          "iteration": 15,
          "resident_families": 52,
          "live_families": 52,
          "resident_clades": 83476,
          "live_clades": 83476,
          "settled_resident_clades": 0,
          "settled_resident_fraction": 0.0,
          "model_builds": 4,
          "model_rebuilds": 3
        },
        {
          "gradient_pass": 17,
          "iteration": 16,
          "resident_families": 52,
          "live_families": 52,
          "resident_clades": 83476,
          "live_clades": 83476,
          "settled_resident_clades": 0,
          "settled_resident_fraction": 0.0,
          "model_builds": 4,
          "model_rebuilds": 3
        },
        {
          "gradient_pass": 18,
          "iteration": 17,
          "resident_families": 52,
          "live_families": 44,
          "resident_clades": 83476,
          "live_clades": 79964,
          "settled_resident_clades": 3512,
          "settled_resident_fraction": 0.042071972782596195,
          "model_builds": 4,
          "model_rebuilds": 3
        },
        {
          "gradient_pass": 19,
          "iteration": 18,
          "resident_families": 52,
          "live_families": 44,
          "resident_clades": 83476,
          "live_clades": 79964,
          "settled_resident_clades": 3512,
          "settled_resident_fraction": 0.042071972782596195,
          "model_builds": 4,
          "model_rebuilds": 3
        },
        {
          "gradient_pass": 20,
          "iteration": 19,
          "resident_families": 27,
          "live_families": 27,
          "resident_clades": 35723,
          "live_clades": 35723,
          "settled_resident_clades": 0,
          "settled_resident_fraction": 0.0,
          "model_builds": 5,
          "model_rebuilds": 4
        },
        {
          "gradient_pass": 21,
          "iteration": 20,
          "resident_families": 27,
          "live_families": 27,
          "resident_clades": 35723,
          "live_clades": 35723,
          "settled_resident_clades": 0,
          "settled_resident_fraction": 0.0,
          "model_builds": 5,
          "model_rebuilds": 4
        },
        {
          "gradient_pass": 22,
          "iteration": 21,
          "resident_families": 1,
          "live_families": 1,
          "resident_clades": 3931,
          "live_clades": 3931,
          "settled_resident_clades": 0,
          "settled_resident_fraction": 0.0,
          "model_builds": 6,
          "model_rebuilds": 5
        },
        {
          "gradient_pass": 23,
          "iteration": 22,
          "resident_families": 1,
          "live_families": 1,
          "resident_clades": 3931,
          "live_clades": 3931,
          "settled_resident_clades": 0,
          "settled_resident_fraction": 0.0,
          "model_builds": 6,
          "model_rebuilds": 5
        },
        {
          "gradient_pass": 24,
          "iteration": 23,
          "resident_families": 1,
          "live_families": 1,
          "resident_clades": 3931,
          "live_clades": 3931,
          "settled_resident_clades": 0,
          "settled_resident_fraction": 0.0,
          "model_builds": 6,
          "model_rebuilds": 5
        },
        {
          "gradient_pass": 25,
          "iteration": 24,
          "resident_families": 1,
          "live_families": 1,
          "resident_clades": 3931,
          "live_clades": 3931,
          "settled_resident_clades": 0,
          "settled_resident_fraction": 0.0,
          "model_builds": 6,
          "model_rebuilds": 5
        },
        {
          "gradient_pass": 26,
          "iteration": 25,
          "resident_families": 1,
          "live_families": 1,
          "resident_clades": 3931,
          "live_clades": 3931,
          "settled_resident_clades": 0,
          "settled_resident_fraction": 0.0,
          "model_builds": 6,
          "model_rebuilds": 5
        },
        {
          "gradient_pass": 27,
          "iteration": 26,
          "resident_families": 1,
          "live_families": 1,
          "resident_clades": 3931,
          "live_clades": 3931,
          "settled_resident_clades": 0,
          "settled_resident_fraction": 0.0,
          "model_builds": 6,
          "model_rebuilds": 5
        }
      ]
    },
    "bounds": {
      "live_proposal_family_events": 2216,
      "live_proposal_clades": 14984828,
      "authoritative_fixed_coordinate_events": 121,
      "authoritative_fixed_coordinate_clades": 5221,
      "working_set_added_coordinate_events": 11,
      "working_set_added_coordinate_clades": 541,
      "working_set_added_coordinate_equivalents": 0.0003628193950774596,
      "working_set_additions_D_L_T": [
        0,
        3,
        8
      ],
      "working_set_addition_clades_D_L_T": [
        0,
        379,
        162
      ],
      "ray_cut_family_events": 510,
      "ray_cut_clades": 2662130,
      "radius_cut_family_events": 496,
      "radius_cut_clades": 2660630,
      "box_cut_family_events": 49,
      "box_cut_clades": 6891,
      "both_radius_and_box_family_events": 35,
      "both_radius_and_box_clades": 5391,
      "ray_fraction_clade_weighted_median": 1.0,
      "ray_fraction_clade_weighted_p10": 0.7745271921157837,
      "ray_fraction_min": 0.044896889477968216
    },
    "trust": {
      "pending_family_events": 787,
      "pending_clades": 7756297,
      "rejected_family_events": 156,
      "rejected_clades": 1366614,
      "radius_shrink_family_events": 182,
      "radius_shrink_clades": 1526644,
      "radius_grow_family_events": 182,
      "radius_grow_clades": 1398346,
      "ratio_clade_weighted_p10": -0.6164026856422424,
      "ratio_clade_weighted_median": 0.8901732563972473,
      "ratio_clade_weighted_p90": 1.4437446594238281
    },
    "convexification": {
      "negative_eigenvalue_events": 7,
      "negative_curvature_family_events": 7,
      "negative_curvature_family_clades": 149,
      "sign_floor_eigenvalue_events": 73,
      "sign_floor_family_events": 73,
      "sign_floor_family_clades": 9617,
      "directional_trust_floor_eigenvalue_events": 637,
      "directional_trust_floor_family_events": 573,
      "directional_trust_floor_family_clades": 2003485,
      "positive_eigen_adjustment_clade_weighted_median": 1.0,
      "positive_eigen_adjustment_clade_weighted_p90": 1.0,
      "trust_limited_positive_adjustment_clade_weighted_median": 1.44756559245758,
      "trust_limited_positive_adjustment_clade_weighted_p90": 2.3304924101141546
    }
  }
}
